
> mzhub-website@1.0.0 build
> next build

  Γû▓ Next.js 14.2.33

   Creating an optimized production build ...
node.exe : Failed to 
compile.
At C:\Program Files\n
odejs\npm.ps1:29 
char:3
+   & $NODE_EXE 
$NPM_CLI_JS $args
+   ~~~~~~~~~~~~~~~~~
~~~~~~~~~~~~
    + CategoryInfo   
           : NotSpe  
  cified: (Failed    
 to compile.:Stri    
ng) [], RemoteEx    
ception
    + FullyQualified 
   ErrorId : Native  
  CommandError
 

./app/contact/page.ts
x
Error: 
  [31mx[0m The 
"use client" 
directive must be 
placed before other 
expressions. Move it 
to the top of the 
file to resolve this 
issue.
    ,-[[36;1;4mC:\Us
ers\Admin\CODING\mzhu
b_web\app\contact\pag
e.tsx[0m:5:1]
 [2m 5[0m |     
description: 'Get in 
touch with MZhub to 
schedule a demo, ask 
questions, or learn 
how our AI-powered 
platform can serve 
your religious 
institution.',
 [2m 6[0m | }
 [2m 7[0m | 
 [2m 8[0m | 'use 
client'
    : [31;1m^^^^^^^^
^^^^[0m
 [2m 9[0m | 
 [2m10[0m | import 
{ useState } from 
'react'
 [2m10[0m | import 
{ motion } from 
'framer-motion'
    `----

  [31mx[0m You're 
importing a 
component that needs 
useState. It only 
works in a Client 
Component but none 
of its parents are 
marked with "use 
client", so they're 
Server Components by 
default.
  [31m|[0m Learn 
more: https://nextjs.
org/docs/getting-star
ted/react-essentials
  [31m|[0m 
  [31m|[0m 
    ,-[[36;1;4mC:\Us
ers\Admin\CODING\mzhu
b_web\app\contact\pag
e.tsx[0m:7:1]
 [2m 7[0m | 
 [2m 8[0m | 'use 
client'
 [2m 9[0m | 
 [2m10[0m | import 
{ useState } from 
'react'
    : [31;1m        
 ^^^^^^^^[0m
 [2m11[0m | import 
{ motion } from 
'framer-motion'
 [2m12[0m | import 
SectionWrapper from '
@/components/ui/Secti
onWrapper'
 [2m12[0m | import 
Card from '@/componen
ts/ui/Card'
    `----

Import trace for 
requested module:
./app/contact/page.ts
x

./lib/blogPosts.ts
Error: 
  [31mx[0m 
Expected ',', got 
'Souza'
     ,-[[36;1;4mC:\U
sers\Admin\CODING\mzh
ub_web\lib\blogPosts.
ts[0m:156:1]
 [2m156[0m | - 
Foster genuine 
relationships, not 
just transactions
 [2m157[0m | 
 [2m158[0m | 
Technology amplifies 
community when used 
with intention.`,
 [2m159[0m |       
  author: 'Sister 
Maria D'Souza',
     : [31;1m       
                     
    ^^^^^[0m
 [2m160[0m |     
date: '2024-09-22',
 [2m161[0m |       
  category: 
'Community',
 [2m161[0m |       
  readTime: '5 min 
read'
     `----

Caused by:
    Syntax Error

Import trace for 
requested module:
./lib/blogPosts.ts
./app/blog/page.tsx


> Build failed 
because of webpack 
errors
